usbh_hid.c:502:27:USBH_HID_SOFProcess	8	static
usbh_hid.c:245:27:USBH_HID_InterfaceDeInit	16	static
usbh_hid.c:137:27:USBH_HID_InterfaceInit	48	static
usbh_hid.c:533:20:USBH_HID_GetHIDReportDescriptor	16	static
usbh_hid.c:563:20:USBH_HID_GetHIDDescriptor	16	static
usbh_hid.c:585:20:USBH_HID_SetIdle	4	static
usbh_hid.c:614:20:USBH_HID_SetReport	8	static
usbh_hid.c:645:20:USBH_HID_GetReport	8	static
usbh_hid.c:672:20:USBH_HID_SetProtocol	0	static
usbh_hid.c:279:27:USBH_HID_ClassRequest	24	static
usbh_hid.c:739:17:USBH_HID_GetDeviceType	0	static
usbh_hid.c:769:9:USBH_HID_GetPollInterval	0	static
usbh_hid.c:794:6:USBH_HID_FifoInit	0	static
usbh_hid.c:811:10:USBH_HID_FifoRead	20	static
usbh_hid.c:855:10:USBH_HID_FifoWrite	20	static
usbh_hid.c:897:13:USBH_HID_EventCallback	0	static
usbh_hid.c:372:27:USBH_HID_Process	32	static
