main.c:172:6:USBH_HID_EventCallback	32	static
main.c:242:6:inkey	16	static
main.c:256:6:ethernetif_notify_conn_changed	16	static
main.c:269:5:main	48	static
main.c:374:6:SystemClock_Config	216	static
main.c:457:13:MX_ADC3_Init	24	static
main.c:507:13:MX_CRC_Init	8	static
main.c:538:13:MX_DCMI_Init	8	static
main.c:575:13:MX_DMA2D_Init	8	static
main.c:612:13:MX_I2C1_Init	8	static
main.c:658:13:MX_I2C3_Init	8	static
main.c:704:13:MX_IWDG_Init	8	static
main.c:733:13:MX_LTDC_Init	64	static
main.c:795:13:MX_QUADSPI_Init	8	static
main.c:830:13:MX_RNG_Init	8	static
main.c:856:13:MX_RTC_Init	80	static
main.c:948:13:MX_SAI2_Init	8	static
main.c:1023:13:MX_SDMMC1_SD_Init	4	static
main.c:1051:13:MX_SPDIFRX_Init	8	static
main.c:1087:13:MX_SPI2_Init	8	static
main.c:1127:13:MX_TIM1_Init	112	static
main.c:1207:13:MX_TIM2_Init	64	static
main.c:1266:13:MX_TIM3_Init	64	static
main.c:1325:13:MX_TIM5_Init	40	static
main.c:1370:13:MX_TIM7_Init	24	static
main.c:1408:13:MX_TIM8_Init	40	static
main.c:1455:13:MX_TIM10_Init	8	static
main.c:1486:13:MX_TIM11_Init	8	static
main.c:1517:13:MX_TIM12_Init	40	static
main.c:1559:13:MX_USART1_UART_Init	8	static
main.c:1594:13:MX_USART6_UART_Init	8	static
main.c:1627:13:MX_DMA_Init	16	static
main.c:1644:13:MX_FMC_Init	40	static
main.c:1695:13:MX_GPIO_Init	72	static
main.c:1972:13:lcd_start	8	static
main.c:1995:6:draw_background	8	static
main.c:2004:5:moveCursor	24	static
main.c:2024:6:putcursor	40	dynamic
main.c:2086:6:initGOL	24	static
main.c:2138:5:getAliveNeighbours	16	static
main.c:2142:6:stepGOL	32	static
main.c:2170:6:drawGOL	16	static
main.c:2186:6:cursorPressAction	8	static
main.c:2201:5:serialTestComm	632	dynamic
main.c:2312:6:StartDefaultTask	64	static
main.c:2418:6:HAL_TIM_PeriodElapsedCallback	16	static
main.c:2435:6:Error_Handler	4	static,ignoring_inline_asm
