stm32746g_discovery_lcd.c:1583:13:LL_FillBuffer	40	static
stm32746g_discovery_lcd.c:250:10:BSP_LCD_GetXSize	0	static
stm32746g_discovery_lcd.c:259:10:BSP_LCD_GetYSize	0	static
stm32746g_discovery_lcd.c:269:6:BSP_LCD_SetXSize	0	static
stm32746g_discovery_lcd.c:279:6:BSP_LCD_SetYSize	0	static
stm32746g_discovery_lcd.c:290:6:BSP_LCD_LayerDefaultInit	72	static
stm32746g_discovery_lcd.c:324:6:BSP_LCD_LayerRgb565Init	72	static
stm32746g_discovery_lcd.c:357:6:BSP_LCD_SelectLayer	0	static
stm32746g_discovery_lcd.c:371:6:BSP_LCD_SetLayerVisible	0	static
stm32746g_discovery_lcd.c:393:6:BSP_LCD_SetLayerVisible_NoReload	0	static
stm32746g_discovery_lcd.c:413:6:BSP_LCD_SetTransparency	0	static
stm32746g_discovery_lcd.c:425:6:BSP_LCD_SetTransparency_NoReload	0	static
stm32746g_discovery_lcd.c:436:6:BSP_LCD_SetLayerAddress	0	static
stm32746g_discovery_lcd.c:447:6:BSP_LCD_SetLayerAddress_NoReload	0	static
stm32746g_discovery_lcd.c:461:6:BSP_LCD_SetLayerWindow	24	static
stm32746g_discovery_lcd.c:479:6:BSP_LCD_SetLayerWindow_NoReload	24	static
stm32746g_discovery_lcd.c:494:6:BSP_LCD_SetColorKeying	16	static
stm32746g_discovery_lcd.c:507:6:BSP_LCD_SetColorKeying_NoReload	16	static
stm32746g_discovery_lcd.c:519:6:BSP_LCD_ResetColorKeying	0	static
stm32746g_discovery_lcd.c:530:6:BSP_LCD_ResetColorKeying_NoReload	0	static
stm32746g_discovery_lcd.c:543:6:BSP_LCD_Reload	0	static
stm32746g_discovery_lcd.c:553:6:BSP_LCD_SetTextColor	0	static
stm32746g_discovery_lcd.c:562:10:BSP_LCD_GetTextColor	0	static
stm32746g_discovery_lcd.c:572:6:BSP_LCD_SetBackColor	0	static
stm32746g_discovery_lcd.c:581:10:BSP_LCD_GetBackColor	0	static
stm32746g_discovery_lcd.c:591:6:BSP_LCD_SetFont	0	static
stm32746g_discovery_lcd.c:600:8:BSP_LCD_GetFont	0	static
stm32746g_discovery_lcd.c:611:10:BSP_LCD_ReadPixel	8	static
stm32746g_discovery_lcd.c:646:6:BSP_LCD_Clear	16	static
stm32746g_discovery_lcd.c:768:6:BSP_LCD_DrawHLine	24	static
stm32746g_discovery_lcd.c:793:6:BSP_LCD_DrawVLine	32	static
stm32746g_discovery_lcd.c:894:6:BSP_LCD_DrawRect	24	static
stm32746g_discovery_lcd.c:1020:6:BSP_LCD_DrawPixel	12	static
stm32746g_discovery_lcd.c:677:6:BSP_LCD_DisplayChar	56	static
stm32746g_discovery_lcd.c:695:6:BSP_LCD_DisplayStringAt	32	static
stm32746g_discovery_lcd.c:756:6:BSP_LCD_DisplayStringAtLine	4	static
stm32746g_discovery_lcd.c:819:6:BSP_LCD_DrawLine	56	static
stm32746g_discovery_lcd.c:959:6:BSP_LCD_DrawPolygon	16	static
stm32746g_discovery_lcd.c:1505:13:FillTriangle	64	static
stm32746g_discovery_lcd.c:912:6:BSP_LCD_DrawCircle	64	static
stm32746g_discovery_lcd.c:987:6:BSP_LCD_DrawEllipse	56	static
stm32746g_discovery_lcd.c:1040:6:BSP_LCD_DrawBitmap	56	static
stm32746g_discovery_lcd.c:1098:6:BSP_LCD_FillRect	32	static
stm32746g_discovery_lcd.c:657:6:BSP_LCD_ClearStringLine	24	static
stm32746g_discovery_lcd.c:1125:6:BSP_LCD_FillCircle	40	static
stm32746g_discovery_lcd.c:1173:6:BSP_LCD_FillPolygon	64	static
stm32746g_discovery_lcd.c:1241:6:BSP_LCD_FillEllipse	48	static
stm32746g_discovery_lcd.c:1271:6:BSP_LCD_DisplayOn	8	static
stm32746g_discovery_lcd.c:1283:6:BSP_LCD_DisplayOff	8	static
stm32746g_discovery_lcd.c:1297:13:BSP_LCD_MspInit	80	static
stm32746g_discovery_lcd.c:165:9:BSP_LCD_Init	8	static
stm32746g_discovery_lcd.c:1369:13:BSP_LCD_MspDeInit	8	static
stm32746g_discovery_lcd.c:229:9:BSP_LCD_DeInit	8	static
stm32746g_discovery_lcd.c:1418:13:BSP_LCD_ClockConfig	0	static
