stm32746g_discovery_camera.c:231:6:BSP_CAMERA_ContinuousStart	0	static
stm32746g_discovery_camera.c:242:6:BSP_CAMERA_SnapshotStart	0	static
stm32746g_discovery_camera.c:252:6:BSP_CAMERA_Suspend	0	static
stm32746g_discovery_camera.c:262:6:BSP_CAMERA_Resume	0	static
stm32746g_discovery_camera.c:291:6:BSP_CAMERA_PwrUp	40	static
stm32746g_discovery_camera.c:316:6:BSP_CAMERA_PwrDown	40	static
stm32746g_discovery_camera.c:272:9:BSP_CAMERA_Stop	8	static
stm32746g_discovery_camera.c:353:6:BSP_CAMERA_ContrastBrightnessConfig	4	static
stm32746g_discovery_camera.c:371:6:BSP_CAMERA_BlackWhiteConfig	4	static
stm32746g_discovery_camera.c:389:6:BSP_CAMERA_ColorEffectConfig	4	static
stm32746g_discovery_camera.c:444:13:BSP_CAMERA_MspInit	72	static
stm32746g_discovery_camera.c:148:9:BSP_CAMERA_Init	32	static
stm32746g_discovery_camera.c:541:13:BSP_CAMERA_MspDeInit	8	static
stm32746g_discovery_camera.c:217:9:BSP_CAMERA_DeInit	8	static
stm32746g_discovery_camera.c:573:13:BSP_CAMERA_LineEventCallback	0	static
stm32746g_discovery_camera.c:564:6:HAL_DCMI_LineEventCallback	8	static
stm32746g_discovery_camera.c:594:13:BSP_CAMERA_VsyncEventCallback	0	static
stm32746g_discovery_camera.c:585:6:HAL_DCMI_VsyncEventCallback	8	static
stm32746g_discovery_camera.c:615:13:BSP_CAMERA_FrameEventCallback	0	static
stm32746g_discovery_camera.c:606:6:HAL_DCMI_FrameEventCallback	8	static
stm32746g_discovery_camera.c:636:13:BSP_CAMERA_ErrorCallback	0	static
stm32746g_discovery_camera.c:627:6:HAL_DCMI_ErrorCallback	8	static
